// Jest Snapshot v1, https://goo.gl/fbAQLP

exports[`<Typography /> checks the text to be existed 1`] = `
.c0 {
  color: red;
  font-size: 20px;
  font-family: "Gudea";
  font-weight: 500;
}

<div
  className="c0"
>
  mieterengel
</div>
`;
